Archive member included to satisfy reference by file (symbol)

c:/program files (x86)/atmel/studio/7.0/toolchain/arm/arm-gnu-toolchain/bin/../lib/gcc/arm-none-eabi/5.3.1/armv6-m\libgcc.a(_udivsi3.o)
                              nvmCtrl.o (__aeabi_uidivmod)
c:/program files (x86)/atmel/studio/7.0/toolchain/arm/arm-gnu-toolchain/bin/../lib/gcc/arm-none-eabi/5.3.1/armv6-m\libgcc.a(_dvmd_tls.o)
                              c:/program files (x86)/atmel/studio/7.0/toolchain/arm/arm-gnu-toolchain/bin/../lib/gcc/arm-none-eabi/5.3.1/armv6-m\libgcc.a(_udivsi3.o) (__aeabi_idiv0)
c:/program files (x86)/atmel/studio/7.0/toolchain/arm/arm-gnu-toolchain/bin/../lib/gcc/arm-none-eabi/5.3.1/../../../../arm-none-eabi/lib/armv6-m\libc.a(lib_a-exit.o)
                              c:/program files (x86)/atmel/studio/7.0/toolchain/arm/arm-gnu-toolchain/bin/../lib/gcc/arm-none-eabi/5.3.1/../../../../arm-none-eabi/lib/armv6-m/crt0.o (exit)
c:/program files (x86)/atmel/studio/7.0/toolchain/arm/arm-gnu-toolchain/bin/../lib/gcc/arm-none-eabi/5.3.1/../../../../arm-none-eabi/lib/armv6-m\libc.a(lib_a-impure.o)
                              c:/program files (x86)/atmel/studio/7.0/toolchain/arm/arm-gnu-toolchain/bin/../lib/gcc/arm-none-eabi/5.3.1/../../../../arm-none-eabi/lib/armv6-m\libc.a(lib_a-exit.o) (_global_impure_ptr)
c:/program files (x86)/atmel/studio/7.0/toolchain/arm/arm-gnu-toolchain/bin/../lib/gcc/arm-none-eabi/5.3.1/../../../../arm-none-eabi/lib/armv6-m\libc.a(lib_a-init.o)
                              c:/program files (x86)/atmel/studio/7.0/toolchain/arm/arm-gnu-toolchain/bin/../lib/gcc/arm-none-eabi/5.3.1/../../../../arm-none-eabi/lib/armv6-m/crt0.o (__libc_init_array)
c:/program files (x86)/atmel/studio/7.0/toolchain/arm/arm-gnu-toolchain/bin/../lib/gcc/arm-none-eabi/5.3.1/../../../../arm-none-eabi/lib/armv6-m\libc.a(lib_a-memset.o)
                              c:/program files (x86)/atmel/studio/7.0/toolchain/arm/arm-gnu-toolchain/bin/../lib/gcc/arm-none-eabi/5.3.1/../../../../arm-none-eabi/lib/armv6-m/crt0.o (memset)
c:/program files (x86)/atmel/studio/7.0/toolchain/arm/arm-gnu-toolchain/bin/../lib/gcc/arm-none-eabi/5.3.1/../../../../arm-none-eabi/lib/armv6-m\libc.a(lib_a-__call_atexit.o)
                              c:/program files (x86)/atmel/studio/7.0/toolchain/arm/arm-gnu-toolchain/bin/../lib/gcc/arm-none-eabi/5.3.1/../../../../arm-none-eabi/lib/armv6-m\libc.a(lib_a-exit.o) (__call_exitprocs)
c:/program files (x86)/atmel/studio/7.0/toolchain/arm/arm-gnu-toolchain/bin/../lib/gcc/arm-none-eabi/5.3.1/../../../../arm-none-eabi/lib/armv6-m\libc.a(lib_a-atexit.o)
                              c:/program files (x86)/atmel/studio/7.0/toolchain/arm/arm-gnu-toolchain/bin/../lib/gcc/arm-none-eabi/5.3.1/../../../../arm-none-eabi/lib/armv6-m\libc.a(lib_a-__call_atexit.o) (atexit)
c:/program files (x86)/atmel/studio/7.0/toolchain/arm/arm-gnu-toolchain/bin/../lib/gcc/arm-none-eabi/5.3.1/../../../../arm-none-eabi/lib/armv6-m\libc.a(lib_a-fini.o)
                              c:/program files (x86)/atmel/studio/7.0/toolchain/arm/arm-gnu-toolchain/bin/../lib/gcc/arm-none-eabi/5.3.1/../../../../arm-none-eabi/lib/armv6-m\libc.a(lib_a-__call_atexit.o) (__libc_fini_array)
c:/program files (x86)/atmel/studio/7.0/toolchain/arm/arm-gnu-toolchain/bin/../lib/gcc/arm-none-eabi/5.3.1/../../../../arm-none-eabi/lib/armv6-m\libc.a(lib_a-__atexit.o)
                              c:/program files (x86)/atmel/studio/7.0/toolchain/arm/arm-gnu-toolchain/bin/../lib/gcc/arm-none-eabi/5.3.1/../../../../arm-none-eabi/lib/armv6-m\libc.a(lib_a-atexit.o) (__register_exitproc)

Discarded input sections

 .text          0x00000000        0x0 c:/program files (x86)/atmel/studio/7.0/toolchain/arm/arm-gnu-toolchain/bin/../lib/gcc/arm-none-eabi/5.3.1/armv6-m/crti.o
 .data          0x00000000        0x0 c:/program files (x86)/atmel/studio/7.0/toolchain/arm/arm-gnu-toolchain/bin/../lib/gcc/arm-none-eabi/5.3.1/armv6-m/crti.o
 .bss           0x00000000        0x0 c:/program files (x86)/atmel/studio/7.0/toolchain/arm/arm-gnu-toolchain/bin/../lib/gcc/arm-none-eabi/5.3.1/armv6-m/crti.o
 .data          0x00000000        0x4 c:/program files (x86)/atmel/studio/7.0/toolchain/arm/arm-gnu-toolchain/bin/../lib/gcc/arm-none-eabi/5.3.1/armv6-m/crtbegin.o
 .text          0x00000000       0x78 c:/program files (x86)/atmel/studio/7.0/toolchain/arm/arm-gnu-toolchain/bin/../lib/gcc/arm-none-eabi/5.3.1/../../../../arm-none-eabi/lib/armv6-m/crt0.o
 .data          0x00000000        0x0 c:/program files (x86)/atmel/studio/7.0/toolchain/arm/arm-gnu-toolchain/bin/../lib/gcc/arm-none-eabi/5.3.1/../../../../arm-none-eabi/lib/armv6-m/crt0.o
 .bss           0x00000000        0x0 c:/program files (x86)/atmel/studio/7.0/toolchain/arm/arm-gnu-toolchain/bin/../lib/gcc/arm-none-eabi/5.3.1/../../../../arm-none-eabi/lib/armv6-m/crt0.o
 .ARM.extab     0x00000000        0x0 c:/program files (x86)/atmel/studio/7.0/toolchain/arm/arm-gnu-toolchain/bin/../lib/gcc/arm-none-eabi/5.3.1/../../../../arm-none-eabi/lib/armv6-m/crt0.o
 .ARM.exidx     0x00000000        0x8 c:/program files (x86)/atmel/studio/7.0/toolchain/arm/arm-gnu-toolchain/bin/../lib/gcc/arm-none-eabi/5.3.1/../../../../arm-none-eabi/lib/armv6-m/crt0.o
 .ARM.attributes
                0x00000000       0x1b c:/program files (x86)/atmel/studio/7.0/toolchain/arm/arm-gnu-toolchain/bin/../lib/gcc/arm-none-eabi/5.3.1/../../../../arm-none-eabi/lib/armv6-m/crt0.o
 .group         0x00000000        0x8 Device_Startup/startup_samd21.o
 .group         0x00000000        0x8 Device_Startup/startup_samd21.o
 .group         0x00000000        0x8 Device_Startup/startup_samd21.o
 .group         0x00000000        0x8 Device_Startup/startup_samd21.o
 .group         0x00000000        0x8 Device_Startup/startup_samd21.o
 .group         0x00000000        0x8 Device_Startup/startup_samd21.o
 .group         0x00000000        0x8 Device_Startup/startup_samd21.o
 .group         0x00000000        0x8 Device_Startup/startup_samd21.o
 .group         0x00000000        0x8 Device_Startup/startup_samd21.o
 .group         0x00000000        0x8 Device_Startup/startup_samd21.o
 .group         0x00000000        0x8 Device_Startup/startup_samd21.o
 .group         0x00000000        0x8 Device_Startup/startup_samd21.o
 .group         0x00000000        0x8 Device_Startup/startup_samd21.o
 .group         0x00000000        0x8 Device_Startup/startup_samd21.o
 .group         0x00000000        0x8 Device_Startup/startup_samd21.o
 .group         0x00000000        0x8 Device_Startup/startup_samd21.o
 .group         0x00000000        0x8 Device_Startup/startup_samd21.o
 .group         0x00000000        0x8 Device_Startup/startup_samd21.o
 .group         0x00000000        0x8 Device_Startup/startup_samd21.o
 .group         0x00000000        0x8 Device_Startup/startup_samd21.o
 .group         0x00000000        0x8 Device_Startup/startup_samd21.o
 .group         0x00000000        0x8 Device_Startup/startup_samd21.o
 .group         0x00000000        0x8 Device_Startup/startup_samd21.o
 .group         0x00000000        0x8 Device_Startup/startup_samd21.o
 .group         0x00000000        0x8 Device_Startup/startup_samd21.o
 .group         0x00000000        0x8 Device_Startup/startup_samd21.o
 .group         0x00000000        0x8 Device_Startup/startup_samd21.o
 .group         0x00000000        0x8 Device_Startup/startup_samd21.o
 .group         0x00000000        0x8 Device_Startup/startup_samd21.o
 .group         0x00000000        0x8 Device_Startup/startup_samd21.o
 .group         0x00000000        0x8 Device_Startup/startup_samd21.o
 .group         0x00000000        0x8 Device_Startup/startup_samd21.o
 .group         0x00000000        0x8 Device_Startup/startup_samd21.o
 .group         0x00000000        0x8 Device_Startup/startup_samd21.o
 .group         0x00000000        0x8 Device_Startup/startup_samd21.o
 .group         0x00000000        0x8 Device_Startup/startup_samd21.o
 .group         0x00000000        0x8 Device_Startup/startup_samd21.o
 .group         0x00000000        0x8 Device_Startup/startup_samd21.o
 .group         0x00000000        0x8 Device_Startup/startup_samd21.o
 .group         0x00000000        0x8 Device_Startup/startup_samd21.o
 .group         0x00000000        0x8 Device_Startup/startup_samd21.o
 .group         0x00000000        0x8 Device_Startup/startup_samd21.o
 .group         0x00000000        0x8 Device_Startup/startup_samd21.o
 .group         0x00000000        0x8 Device_Startup/startup_samd21.o
 .group         0x00000000        0x8 Device_Startup/startup_samd21.o
 .group         0x00000000        0x8 Device_Startup/startup_samd21.o
 .group         0x00000000        0x8 Device_Startup/startup_samd21.o
 .group         0x00000000        0x8 Device_Startup/startup_samd21.o
 .group         0x00000000        0x8 Device_Startup/startup_samd21.o
 .group         0x00000000        0x8 Device_Startup/startup_samd21.o
 .group         0x00000000        0x8 Device_Startup/startup_samd21.o
 .group         0x00000000        0x8 Device_Startup/startup_samd21.o
 .group         0x00000000        0x8 Device_Startup/startup_samd21.o
 .group         0x00000000        0x8 Device_Startup/startup_samd21.o
 .group         0x00000000        0x8 Device_Startup/startup_samd21.o
 .group         0x00000000        0x8 Device_Startup/startup_samd21.o
 .group         0x00000000        0x8 Device_Startup/startup_samd21.o
 .group         0x00000000        0x8 Device_Startup/startup_samd21.o
 .group         0x00000000        0x8 Device_Startup/startup_samd21.o
 .group         0x00000000        0x8 Device_Startup/startup_samd21.o
 .group         0x00000000        0x8 Device_Startup/startup_samd21.o
 .group         0x00000000        0x8 Device_Startup/startup_samd21.o
 .group         0x00000000        0x8 Device_Startup/startup_samd21.o
 .group         0x00000000        0x8 Device_Startup/startup_samd21.o
 .group         0x00000000        0x8 Device_Startup/startup_samd21.o
 .group         0x00000000        0x8 Device_Startup/startup_samd21.o
 .group         0x00000000        0x8 Device_Startup/startup_samd21.o
 .group         0x00000000        0x8 Device_Startup/startup_samd21.o
 .group         0x00000000        0x8 Device_Startup/startup_samd21.o
 .text          0x00000000        0x0 Device_Startup/startup_samd21.o
 .data          0x00000000        0x0 Device_Startup/startup_samd21.o
 .bss           0x00000000        0x0 Device_Startup/startup_samd21.o
 .group         0x00000000        0x8 Device_Startup/system_samd21.o
 .group         0x00000000        0x8 Device_Startup/system_samd21.o
 .group         0x00000000        0x8 Device_Startup/system_samd21.o
 .group         0x00000000        0x8 Device_Startup/system_samd21.o
 .group         0x00000000        0x8 Device_Startup/system_samd21.o
 .group         0x00000000        0x8 Device_Startup/system_samd21.o
 .group         0x00000000        0x8 Device_Startup/system_samd21.o
 .group         0x00000000        0x8 Device_Startup/system_samd21.o
 .group         0x00000000        0x8 Device_Startup/system_samd21.o
 .group         0x00000000        0x8 Device_Startup/system_samd21.o
 .group         0x00000000        0x8 Device_Startup/system_samd21.o
 .group         0x00000000        0x8 Device_Startup/system_samd21.o
 .group         0x00000000        0x8 Device_Startup/system_samd21.o
 .group         0x00000000        0x8 Device_Startup/system_samd21.o
 .group         0x00000000        0x8 Device_Startup/system_samd21.o
 .group         0x00000000        0x8 Device_Startup/system_samd21.o
 .group         0x00000000        0x8 Device_Startup/system_samd21.o
 .group         0x00000000        0x8 Device_Startup/system_samd21.o
 .group         0x00000000        0x8 Device_Startup/system_samd21.o
 .group         0x00000000        0x8 Device_Startup/system_samd21.o
 .group         0x00000000        0x8 Device_Startup/system_samd21.o
 .group         0x00000000        0x8 Device_Startup/system_samd21.o
 .group         0x00000000        0x8 Device_Startup/system_samd21.o
 .group         0x00000000        0x8 Device_Startup/system_samd21.o
 .group         0x00000000        0x8 Device_Startup/system_samd21.o
 .group         0x00000000        0x8 Device_Startup/system_samd21.o
 .group         0x00000000        0x8 Device_Startup/system_samd21.o
 .group         0x00000000        0x8 Device_Startup/system_samd21.o
 .group         0x00000000        0x8 Device_Startup/system_samd21.o
 .group         0x00000000        0x8 Device_Startup/system_samd21.o
 .group         0x00000000        0x8 Device_Startup/system_samd21.o
 .group         0x00000000        0x8 Device_Startup/system_samd21.o
 .group         0x00000000        0x8 Device_Startup/system_samd21.o
 .group         0x00000000        0x8 Device_Startup/system_samd21.o
 .group         0x00000000        0x8 Device_Startup/system_samd21.o
 .group         0x00000000        0x8 Device_Startup/system_samd21.o
 .group         0x00000000        0x8 Device_Startup/system_samd21.o
 .group         0x00000000        0x8 Device_Startup/system_samd21.o
 .group         0x00000000        0x8 Device_Startup/system_samd21.o
 .group         0x00000000        0x8 Device_Startup/system_samd21.o
 .group         0x00000000        0x8 Device_Startup/system_samd21.o
 .group         0x00000000        0x8 Device_Startup/system_samd21.o
 .group         0x00000000        0x8 Device_Startup/system_samd21.o
 .group         0x00000000        0x8 Device_Startup/system_samd21.o
 .group         0x00000000        0x8 Device_Startup/system_samd21.o
 .group         0x00000000        0x8 Device_Startup/system_samd21.o
 .group         0x00000000        0x8 Device_Startup/system_samd21.o
 .group         0x00000000        0x8 Device_Startup/system_samd21.o
 .group         0x00000000        0x8 Device_Startup/system_samd21.o
 .group         0x00000000        0x8 Device_Startup/system_samd21.o
 .group         0x00000000        0x8 Device_Startup/system_samd21.o
 .group         0x00000000        0x8 Device_Startup/system_samd21.o
 .group         0x00000000        0x8 Device_Startup/system_samd21.o
 .group         0x00000000        0x8 Device_Startup/system_samd21.o
 .group         0x00000000        0x8 Device_Startup/system_samd21.o
 .group         0x00000000        0x8 Device_Startup/system_samd21.o
 .group         0x00000000        0x8 Device_Startup/system_samd21.o
 .group         0x00000000        0x8 Device_Startup/system_samd21.o
 .group         0x00000000        0x8 Device_Startup/system_samd21.o
 .group         0x00000000        0x8 Device_Startup/system_samd21.o
 .group         0x00000000        0x8 Device_Startup/system_samd21.o
 .group         0x00000000        0x8 Device_Startup/system_samd21.o
 .group         0x00000000        0x8 Device_Startup/system_samd21.o
 .group         0x00000000        0x8 Device_Startup/system_samd21.o
 .group         0x00000000        0x8 Device_Startup/system_samd21.o
 .group         0x00000000        0x8 Device_Startup/system_samd21.o
 .group         0x00000000        0x8 Device_Startup/system_samd21.o
 .group         0x00000000        0x8 Device_Startup/system_samd21.o
 .group         0x00000000        0x8 Device_Startup/system_samd21.o
 .text          0x00000000        0x0 Device_Startup/system_samd21.o
 .bss           0x00000000        0x0 Device_Startup/system_samd21.o
 .text.SystemCoreClockUpdate
                0x00000000       0x10 Device_Startup/system_samd21.o
 .debug_macro   0x00000000      0x826 Device_Startup/system_samd21.o
 .debug_macro   0x00000000       0x22 Device_Startup/system_samd21.o
 .debug_macro   0x00000000       0x87 Device_Startup/system_samd21.o
 .debug_macro   0x00000000       0x44 Device_Startup/system_samd21.o
 .debug_macro   0x00000000       0xfd Device_Startup/system_samd21.o
 .debug_macro   0x00000000       0x22 Device_Startup/system_samd21.o
 .debug_macro   0x00000000      0x1df Device_Startup/system_samd21.o
 .debug_macro   0x00000000       0x40 Device_Startup/system_samd21.o
 .debug_macro   0x00000000       0x3a Device_Startup/system_samd21.o
 .debug_macro   0x00000000       0x1f Device_Startup/system_samd21.o
 .debug_macro   0x00000000      0x250 Device_Startup/system_samd21.o
 .debug_macro   0x00000000      0x67d Device_Startup/system_samd21.o
 .debug_macro   0x00000000      0x8b0 Device_Startup/system_samd21.o
 .debug_macro   0x00000000      0x22e Device_Startup/system_samd21.o
 .debug_macro   0x00000000      0xd5c Device_Startup/system_samd21.o
 .debug_macro   0x00000000      0x4c6 Device_Startup/system_samd21.o
 .debug_macro   0x00000000      0x9f6 Device_Startup/system_samd21.o
 .debug_macro   0x00000000      0x82a Device_Startup/system_samd21.o
 .debug_macro   0x00000000      0x450 Device_Startup/system_samd21.o
 .debug_macro   0x00000000       0x5e Device_Startup/system_samd21.o
 .debug_macro   0x00000000      0x8f8 Device_Startup/system_samd21.o
 .debug_macro   0x00000000      0x21c Device_Startup/system_samd21.o
 .debug_macro   0x00000000      0x734 Device_Startup/system_samd21.o
 .debug_macro   0x00000000       0x5e Device_Startup/system_samd21.o
 .debug_macro   0x00000000      0x631 Device_Startup/system_samd21.o
 .debug_macro   0x00000000      0x3ab Device_Startup/system_samd21.o
 .debug_macro   0x00000000      0xc75 Device_Startup/system_samd21.o
 .debug_macro   0x00000000     0x1092 Device_Startup/system_samd21.o
 .debug_macro   0x00000000      0xc4a Device_Startup/system_samd21.o
 .debug_macro   0x00000000      0x6ba Device_Startup/system_samd21.o
 .debug_macro   0x00000000     0x1b3c Device_Startup/system_samd21.o
 .debug_macro   0x00000000     0x143b Device_Startup/system_samd21.o
 .debug_macro   0x00000000      0x33f Device_Startup/system_samd21.o
 .debug_macro   0x00000000       0x7c Device_Startup/system_samd21.o
 .debug_macro   0x00000000       0xa0 Device_Startup/system_samd21.o
 .debug_macro   0x00000000       0x4c Device_Startup/system_samd21.o
 .debug_macro   0x00000000       0xca Device_Startup/system_samd21.o
 .debug_macro   0x00000000       0x94 Device_Startup/system_samd21.o
 .debug_macro   0x00000000       0x58 Device_Startup/system_samd21.o
 .debug_macro   0x00000000      0x340 Device_Startup/system_samd21.o
 .debug_macro   0x00000000       0x82 Device_Startup/system_samd21.o
 .debug_macro   0x00000000      0x188 Device_Startup/system_samd21.o
 .debug_macro   0x00000000       0xb8 Device_Startup/system_samd21.o
 .debug_macro   0x00000000       0xa0 Device_Startup/system_samd21.o
 .debug_macro   0x00000000       0xb2 Device_Startup/system_samd21.o
 .debug_macro   0x00000000       0x1c Device_Startup/system_samd21.o
 .debug_macro   0x00000000       0x1c Device_Startup/system_samd21.o
 .debug_macro   0x00000000       0x1c Device_Startup/system_samd21.o
 .debug_macro   0x00000000       0x7c Device_Startup/system_samd21.o
 .debug_macro   0x00000000      0x15a Device_Startup/system_samd21.o
 .debug_macro   0x00000000       0xdc Device_Startup/system_samd21.o
 .debug_macro   0x00000000      0x124 Device_Startup/system_samd21.o
 .debug_macro   0x00000000      0x124 Device_Startup/system_samd21.o
 .debug_macro   0x00000000      0x124 Device_Startup/system_samd21.o
 .debug_macro   0x00000000      0x124 Device_Startup/system_samd21.o
 .debug_macro   0x00000000      0x124 Device_Startup/system_samd21.o
 .debug_macro   0x00000000      0x124 Device_Startup/system_samd21.o
 .debug_macro   0x00000000      0x124 Device_Startup/system_samd21.o
 .debug_macro   0x00000000       0xe2 Device_Startup/system_samd21.o
 .debug_macro   0x00000000       0xe2 Device_Startup/system_samd21.o
 .debug_macro   0x00000000       0xe2 Device_Startup/system_samd21.o
 .debug_macro   0x00000000      0x12a Device_Startup/system_samd21.o
 .debug_macro   0x00000000      0x100 Device_Startup/system_samd21.o
 .debug_macro   0x00000000       0xf4 Device_Startup/system_samd21.o
 .debug_macro   0x00000000      0x40f Device_Startup/system_samd21.o
 .debug_macro   0x00000000       0x40 Device_Startup/system_samd21.o
 .debug_macro   0x00000000      0x36f Device_Startup/system_samd21.o
 .debug_macro   0x00000000     0x17de Device_Startup/system_samd21.o
 .debug_macro   0x00000000       0x6d Device_Startup/system_samd21.o
 .group         0x00000000        0x8 main.o
 .group         0x00000000        0x8 main.o
 .group         0x00000000        0x8 main.o
 .group         0x00000000        0x8 main.o
 .group         0x00000000        0x8 main.o
 .group         0x00000000        0x8 main.o
 .group         0x00000000        0x8 main.o
 .group         0x00000000        0x8 main.o
 .group         0x00000000        0x8 main.o
 .group         0x00000000        0x8 main.o
 .group         0x00000000        0x8 main.o
 .group         0x00000000        0x8 main.o
 .group         0x00000000        0x8 main.o
 .group         0x00000000        0x8 main.o
 .group         0x00000000        0x8 main.o
 .group         0x00000000        0x8 main.o
 .group         0x00000000        0x8 main.o
 .group         0x00000000        0x8 main.o
 .group         0x00000000        0x8 main.o
 .group         0x00000000        0x8 main.o
 .group         0x00000000        0x8 main.o
 .group         0x00000000        0x8 main.o
 .group         0x00000000        0x8 main.o
 .group         0x00000000        0x8 main.o
 .group         0x00000000        0x8 main.o
 .group         0x00000000        0x8 main.o
 .group         0x00000000        0x8 main.o
 .group         0x00000000        0x8 main.o
 .group         0x00000000        0x8 main.o
 .group         0x00000000        0x8 main.o
 .group         0x00000000        0x8 main.o
 .group         0x00000000        0x8 main.o
 .group         0x00000000        0x8 main.o
 .group         0x00000000        0x8 main.o
 .group         0x00000000        0x8 main.o
 .group         0x00000000        0x8 main.o
 .group         0x00000000        0x8 main.o
 .group         0x00000000        0x8 main.o
 .group         0x00000000        0x8 main.o
 .group         0x00000000        0x8 main.o
 .group         0x00000000        0x8 main.o
 .group         0x00000000        0x8 main.o
 .group         0x00000000        0x8 main.o
 .group         0x00000000        0x8 main.o
 .group         0x00000000        0x8 main.o
 .group         0x00000000        0x8 main.o
 .group         0x00000000        0x8 main.o
 .group         0x00000000        0x8 main.o
 .group         0x00000000        0x8 main.o
 .group         0x00000000        0x8 main.o
 .group         0x00000000        0x8 main.o
 .group         0x00000000        0x8 main.o
 .group         0x00000000        0x8 main.o
 .group         0x00000000        0x8 main.o
 .group         0x00000000        0x8 main.o
 .group         0x00000000        0x8 main.o
 .group         0x00000000        0x8 main.o
 .group         0x00000000        0x8 main.o
 .group         0x00000000        0x8 main.o
 .group         0x00000000        0x8 main.o
 .group         0x00000000        0x8 main.o
 .group         0x00000000        0x8 main.o
 .group         0x00000000        0x8 main.o
 .group         0x00000000        0x8 main.o
 .group         0x00000000        0x8 main.o
 .group         0x00000000        0x8 main.o
 .group         0x00000000        0x8 main.o
 .group         0x00000000        0x8 main.o
 .group         0x00000000        0x8 main.o
 .group         0x00000000        0x8 main.o
 .group         0x00000000        0x8 main.o
 .group         0x00000000        0x8 main.o
 .group         0x00000000        0x8 main.o
 .group         0x00000000        0x8 main.o
 .group         0x00000000        0x8 main.o
 .group         0x00000000        0x8 main.o
 .group         0x00000000        0x8 main.o
 .group         0x00000000        0x8 main.o
 .group         0x00000000        0x8 main.o
 .group         0x00000000        0x8 main.o
 .group         0x00000000        0x8 main.o
 .text          0x00000000        0x0 main.o
 .data          0x00000000        0x0 main.o
 .debug_macro   0x00000000       0x22 main.o
 .debug_macro   0x00000000       0x87 main.o
 .debug_macro   0x00000000       0x44 main.o
 .debug_macro   0x00000000       0xfd main.o
 .debug_macro   0x00000000       0x22 main.o
 .debug_macro   0x00000000      0x1df main.o
 .debug_macro   0x00000000       0x40 main.o
 .debug_macro   0x00000000       0x3a main.o
 .debug_macro   0x00000000       0x1f main.o
 .debug_macro   0x00000000      0x67d main.o
 .debug_macro   0x00000000      0x8b0 main.o
 .debug_macro   0x00000000      0x22e main.o
 .debug_macro   0x00000000      0xd5c main.o
 .debug_macro   0x00000000      0x4c6 main.o
 .debug_macro   0x00000000      0x9f6 main.o
 .debug_macro   0x00000000      0x82a main.o
 .debug_macro   0x00000000      0x450 main.o
 .debug_macro   0x00000000       0x5e main.o
 .debug_macro   0x00000000      0x8f8 main.o
 .debug_macro   0x00000000      0x21c main.o
 .debug_macro   0x00000000      0x734 main.o
 .debug_macro   0x00000000       0x5e main.o
 .debug_macro   0x00000000      0x631 main.o
 .debug_macro   0x00000000      0x3ab main.o
 .debug_macro   0x00000000      0xc75 main.o
 .debug_macro   0x00000000     0x1092 main.o
 .debug_macro   0x00000000      0xc4a main.o
 .debug_macro   0x00000000      0x6ba main.o
 .debug_macro   0x00000000     0x1b3c main.o
 .debug_macro   0x00000000     0x143b main.o
 .debug_macro   0x00000000      0x33f main.o
 .debug_macro   0x00000000       0x7c main.o
 .debug_macro   0x00000000       0xa0 main.o
 .debug_macro   0x00000000       0x4c main.o
 .debug_macro   0x00000000       0xca main.o
 .debug_macro   0x00000000       0x94 main.o
 .debug_macro   0x00000000       0x58 main.o
 .debug_macro   0x00000000      0x340 main.o
 .debug_macro   0x00000000       0x82 main.o
 .debug_macro   0x00000000      0x188 main.o
 .debug_macro   0x00000000       0xb8 main.o
 .debug_macro   0x00000000       0xa0 main.o
 .debug_macro   0x00000000       0xb2 main.o
 .debug_macro   0x00000000       0x1c main.o
 .debug_macro   0x00000000       0x1c main.o
 .debug_macro   0x00000000       0x1c main.o
 .debug_macro   0x00000000       0x7c main.o
 .debug_macro   0x00000000      0x15a main.o
 .debug_macro   0x00000000       0xdc main.o
 .debug_macro   0x00000000      0x124 main.o
 .debug_macro   0x00000000      0x124 main.o
 .debug_macro   0x00000000      0x124 main.o
 .debug_macro   0x00000000      0x124 main.o
 .debug_macro   0x00000000      0x124 main.o
 .debug_macro   0x00000000      0x124 main.o
 .debug_macro   0x00000000      0x124 main.o
 .debug_macro   0x00000000       0xe2 main.o
 .debug_macro   0x00000000       0xe2 main.o
 .debug_macro   0x00000000       0xe2 main.o
 .debug_macro   0x00000000      0x12a main.o
 .debug_macro   0x00000000      0x100 main.o
 .debug_macro   0x00000000       0xf4 main.o
 .debug_macro   0x00000000      0x40f main.o
 .debug_macro   0x00000000       0x40 main.o
 .debug_macro   0x00000000      0x36f main.o
 .debug_macro   0x00000000     0x17de main.o
 .debug_macro   0x00000000       0x6d main.o
 .group         0x00000000        0x8 nvmCtrl.o
 .group         0x00000000        0x8 nvmCtrl.o
 .group         0x00000000        0x8 nvmCtrl.o
 .group         0x00000000        0x8 nvmCtrl.o
 .group         0x00000000        0x8 nvmCtrl.o
 .group         0x00000000        0x8 nvmCtrl.o
 .group         0x00000000        0x8 nvmCtrl.o
 .group         0x00000000        0x8 nvmCtrl.o
 .group         0x00000000        0x8 nvmCtrl.o
 .group         0x00000000        0x8 nvmCtrl.o
 .group         0x00000000        0x8 nvmCtrl.o
 .group         0x00000000        0x8 nvmCtrl.o
 .group         0x00000000        0x8 nvmCtrl.o
 .group         0x00000000        0x8 nvmCtrl.o
 .group         0x00000000        0x8 nvmCtrl.o
 .group         0x00000000        0x8 nvmCtrl.o
 .group         0x00000000        0x8 nvmCtrl.o
 .group         0x00000000        0x8 nvmCtrl.o
 .group         0x00000000        0x8 nvmCtrl.o
 .group         0x00000000        0x8 nvmCtrl.o
 .group         0x00000000        0x8 nvmCtrl.o
 .group         0x00000000        0x8 nvmCtrl.o
 .group         0x00000000        0x8 nvmCtrl.o
 .group         0x00000000        0x8 nvmCtrl.o
 .group         0x00000000        0x8 nvmCtrl.o
 .group         0x00000000        0x8 nvmCtrl.o
 .group         0x00000000        0x8 nvmCtrl.o
 .group         0x00000000        0x8 nvmCtrl.o
 .group         0x00000000        0x8 nvmCtrl.o
 .group         0x00000000        0x8 nvmCtrl.o
 .group         0x00000000        0x8 nvmCtrl.o
 .group         0x00000000        0x8 nvmCtrl.o
 .group         0x00000000        0x8 nvmCtrl.o
 .group         0x00000000        0x8 nvmCtrl.o
 .group         0x00000000        0x8 nvmCtrl.o
 .group         0x00000000        0x8 nvmCtrl.o
 .group         0x00000000        0x8 nvmCtrl.o
 .group         0x00000000        0x8 nvmCtrl.o
 .group         0x00000000        0x8 nvmCtrl.o
 .group         0x00000000        0x8 nvmCtrl.o
 .group         0x00000000        0x8 nvmCtrl.o
 .group         0x00000000        0x8 nvmCtrl.o
 .group         0x00000000        0x8 nvmCtrl.o
 .group         0x00000000        0x8 nvmCtrl.o
 .group         0x00000000        0x8 nvmCtrl.o
 .group         0x00000000        0x8 nvmCtrl.o
 .group         0x00000000        0x8 nvmCtrl.o
 .group         0x00000000        0x8 nvmCtrl.o
 .group         0x00000000        0x8 nvmCtrl.o
 .group         0x00000000        0x8 nvmCtrl.o
 .group         0x00000000        0x8 nvmCtrl.o
 .group         0x00000000        0x8 nvmCtrl.o
 .group         0x00000000        0x8 nvmCtrl.o
 .group         0x00000000        0x8 nvmCtrl.o
 .group         0x00000000        0x8 nvmCtrl.o
 .group         0x00000000        0x8 nvmCtrl.o
 .group         0x00000000        0x8 nvmCtrl.o
 .group         0x00000000        0x8 nvmCtrl.o
 .group         0x00000000        0x8 nvmCtrl.o
 .group         0x00000000        0x8 nvmCtrl.o
 .group         0x00000000        0x8 nvmCtrl.o
 .group         0x00000000        0x8 nvmCtrl.o
 .group         0x00000000        0x8 nvmCtrl.o
 .group         0x00000000        0x8 nvmCtrl.o
 .group         0x00000000        0x8 nvmCtrl.o
 .group         0x00000000        0x8 nvmCtrl.o
 .group         0x00000000        0x8 nvmCtrl.o
 .group         0x00000000        0x8 nvmCtrl.o
 .group         0x00000000        0x8 nvmCtrl.o
 .group         0x00000000        0x8 nvmCtrl.o
 .group         0x00000000        0x8 nvmCtrl.o
 .group         0x00000000        0x8 nvmCtrl.o
 .group         0x00000000        0x8 nvmCtrl.o
 .group         0x00000000        0x8 nvmCtrl.o
 .group         0x00000000        0x8 nvmCtrl.o
 .group         0x00000000        0x8 nvmCtrl.o
 .group         0x00000000        0x8 nvmCtrl.o
 .group         0x00000000        0x8 nvmCtrl.o
 .group         0x00000000        0x8 nvmCtrl.o
 .group         0x00000000        0x8 nvmCtrl.o
 .group         0x00000000        0x8 nvmCtrl.o
 .text          0x00000000        0x0 nvmCtrl.o
 .data          0x00000000        0x0 nvmCtrl.o
 .bss           0x00000000        0x0 nvmCtrl.o
 .text._Z14crcExtractDatam
                0x00000000        0x4 nvmCtrl.o
 .text._Z13crcVerifyDatam
                0x00000000       0x18 nvmCtrl.o
 .debug_macro   0x00000000      0x83e nvmCtrl.o
 .debug_macro   0x00000000       0x22 nvmCtrl.o
 .debug_macro   0x00000000       0x87 nvmCtrl.o
 .debug_macro   0x00000000       0x44 nvmCtrl.o
 .debug_macro   0x00000000       0xfd nvmCtrl.o
 .debug_macro   0x00000000       0x22 nvmCtrl.o
 .debug_macro   0x00000000      0x1df nvmCtrl.o
 .debug_macro   0x00000000       0x40 nvmCtrl.o
 .debug_macro   0x00000000       0x3a nvmCtrl.o
 .debug_macro   0x00000000       0x1f nvmCtrl.o
 .debug_macro   0x00000000      0x250 nvmCtrl.o
 .debug_macro   0x00000000      0x67d nvmCtrl.o
 .debug_macro   0x00000000      0x8b0 nvmCtrl.o
 .debug_macro   0x00000000      0x22e nvmCtrl.o
 .debug_macro   0x00000000      0xd5c nvmCtrl.o
 .debug_macro   0x00000000      0x4c6 nvmCtrl.o
 .debug_macro   0x00000000      0x9f6 nvmCtrl.o
 .debug_macro   0x00000000      0x82a nvmCtrl.o
 .debug_macro   0x00000000      0x450 nvmCtrl.o
 .debug_macro   0x00000000       0x5e nvmCtrl.o
 .debug_macro   0x00000000      0x8f8 nvmCtrl.o
 .debug_macro   0x00000000      0x21c nvmCtrl.o
 .debug_macro   0x00000000      0x734 nvmCtrl.o
 .debug_macro   0x00000000       0x5e nvmCtrl.o
 .debug_macro   0x00000000      0x631 nvmCtrl.o
 .debug_macro   0x00000000      0x3ab nvmCtrl.o
 .debug_macro   0x00000000      0xc75 nvmCtrl.o
 .debug_macro   0x00000000     0x1092 nvmCtrl.o
 .debug_macro   0x00000000      0xc4a nvmCtrl.o
 .debug_macro   0x00000000      0x6ba nvmCtrl.o
 .debug_macro   0x00000000     0x1b3c nvmCtrl.o
 .debug_macro   0x00000000     0x143b nvmCtrl.o
 .debug_macro   0x00000000      0x33f nvmCtrl.o
 .debug_macro   0x00000000       0x7c nvmCtrl.o
 .debug_macro   0x00000000       0xa0 nvmCtrl.o
 .debug_macro   0x00000000       0x4c nvmCtrl.o
 .debug_macro   0x00000000       0xca nvmCtrl.o
 .debug_macro   0x00000000       0x94 nvmCtrl.o
 .debug_macro   0x00000000       0x58 nvmCtrl.o
 .debug_macro   0x00000000      0x340 nvmCtrl.o
 .debug_macro   0x00000000       0x82 nvmCtrl.o
 .debug_macro   0x00000000      0x188 nvmCtrl.o
 .debug_macro   0x00000000       0xb8 nvmCtrl.o
 .debug_macro   0x00000000       0xa0 nvmCtrl.o
 .debug_macro   0x00000000       0xb2 nvmCtrl.o
 .debug_macro   0x00000000       0x1c nvmCtrl.o
 .debug_macro   0x00000000       0x1c nvmCtrl.o
 .debug_macro   0x00000000       0x1c nvmCtrl.o
 .debug_macro   0x00000000       0x7c nvmCtrl.o
 .debug_macro   0x00000000      0x15a nvmCtrl.o
 .debug_macro   0x00000000       0xdc nvmCtrl.o
 .debug_macro   0x00000000      0x124 nvmCtrl.o
 .debug_macro   0x00000000      0x124 nvmCtrl.o
 .debug_macro   0x00000000      0x124 nvmCtrl.o
 .debug_macro   0x00000000      0x124 nvmCtrl.o
 .debug_macro   0x00000000      0x124 nvmCtrl.o
 .debug_macro   0x00000000      0x124 nvmCtrl.o
 .debug_macro   0x00000000      0x124 nvmCtrl.o
 .debug_macro   0x00000000       0xe2 nvmCtrl.o
 .debug_macro   0x00000000       0xe2 nvmCtrl.o
 .debug_macro   0x00000000       0xe2 nvmCtrl.o
 .debug_macro   0x00000000      0x12a nvmCtrl.o
 .debug_macro   0x00000000      0x100 nvmCtrl.o
 .debug_macro   0x00000000       0xf4 nvmCtrl.o
 .debug_macro   0x00000000      0x40f nvmCtrl.o
 .debug_macro   0x00000000       0x40 nvmCtrl.o
 .debug_macro   0x00000000      0x36f nvmCtrl.o
 .debug_macro   0x00000000     0x17de nvmCtrl.o
 .debug_macro   0x00000000       0x6d nvmCtrl.o
 .debug_macro   0x00000000       0x10 nvmCtrl.o
 .debug_macro   0x00000000       0x52 nvmCtrl.o
 .debug_macro   0x00000000       0x35 nvmCtrl.o
 .debug_macro   0x00000000       0x9c nvmCtrl.o
 .debug_macro   0x00000000      0x16d nvmCtrl.o
 .debug_macro   0x00000000       0x52 nvmCtrl.o
 .debug_macro   0x00000000       0x16 nvmCtrl.o
 .debug_macro   0x00000000       0x43 nvmCtrl.o
 .debug_macro   0x00000000      0x187 nvmCtrl.o
 .debug_macro   0x00000000      0x330 nvmCtrl.o
 .debug_macro   0x00000000      0x1da nvmCtrl.o
 .debug_macro   0x00000000       0x1c nvmCtrl.o
 .group         0x00000000        0x8 UART.o
 .group         0x00000000        0x8 UART.o
 .group         0x00000000        0x8 UART.o
 .group         0x00000000        0x8 UART.o
 .group         0x00000000        0x8 UART.o
 .group         0x00000000        0x8 UART.o
 .group         0x00000000        0x8 UART.o
 .group         0x00000000        0x8 UART.o
 .group         0x00000000        0x8 UART.o
 .group         0x00000000        0x8 UART.o
 .group         0x00000000        0x8 UART.o
 .group         0x00000000        0x8 UART.o
 .group         0x00000000        0x8 UART.o
 .group         0x00000000        0x8 UART.o
 .group         0x00000000        0x8 UART.o
 .group         0x00000000        0x8 UART.o
 .group         0x00000000        0x8 UART.o
 .group         0x00000000        0x8 UART.o
 .group         0x00000000        0x8 UART.o
 .group         0x00000000        0x8 UART.o
 .group         0x00000000        0x8 UART.o
 .group         0x00000000        0x8 UART.o
 .group         0x00000000        0x8 UART.o
 .group         0x00000000        0x8 UART.o
 .group         0x00000000        0x8 UART.o
 .group         0x00000000        0x8 UART.o
 .group         0x00000000        0x8 UART.o
 .group         0x00000000        0x8 UART.o
 .group         0x00000000        0x8 UART.o
 .group         0x00000000        0x8 UART.o
 .group         0x00000000        0x8 UART.o
 .group         0x00000000        0x8 UART.o
 .group         0x00000000        0x8 UART.o
 .group         0x00000000        0x8 UART.o
 .group         0x00000000        0x8 UART.o
 .group         0x00000000        0x8 UART.o
 .group         0x00000000        0x8 UART.o
 .group         0x00000000        0x8 UART.o
 .group         0x00000000        0x8 UART.o
 .group         0x00000000        0x8 UART.o
 .group         0x00000000        0x8 UART.o
 .group         0x00000000        0x8 UART.o
 .group         0x00000000        0x8 UART.o
 .group         0x00000000        0x8 UART.o
 .group         0x00000000        0x8 UART.o
 .group         0x00000000        0x8 UART.o
 .group         0x00000000        0x8 UART.o
 .group         0x00000000        0x8 UART.o
 .group         0x00000000        0x8 UART.o
 .group         0x00000000        0x8 UART.o
 .group         0x00000000        0x8 UART.o
 .group         0x00000000        0x8 UART.o
 .group         0x00000000        0x8 UART.o
 .group         0x00000000        0x8 UART.o
 .group         0x00000000        0x8 UART.o
 .group         0x00000000        0x8 UART.o
 .group         0x00000000        0x8 UART.o
 .group         0x00000000        0x8 UART.o
 .group         0x00000000        0x8 UART.o
 .group         0x00000000        0x8 UART.o
 .group         0x00000000        0x8 UART.o
 .group         0x00000000        0x8 UART.o
 .group         0x00000000        0x8 UART.o
 .group         0x00000000        0x8 UART.o
 .group         0x00000000        0x8 UART.o
 .group         0x00000000        0x8 UART.o
 .group         0x00000000        0x8 UART.o
 .group         0x00000000        0x8 UART.o
 .group         0x00000000        0x8 UART.o
 .group         0x00000000        0x8 UART.o
 .group         0x00000000        0x8 UART.o
 .group         0x00000000        0x8 UART.o
 .group         0x00000000        0x8 UART.o
 .group         0x00000000        0x8 UART.o
 .group         0x00000000        0x8 UART.o
 .group         0x00000000        0x8 UART.o
 .group         0x00000000        0x8 UART.o
 .group         0x00000000        0x8 UART.o
 .group         0x00000000        0x8 UART.o
 .group         0x00000000        0x8 UART.o
 .text          0x00000000        0x0 UART.o
 .data          0x00000000        0x0 UART.o
 .bss           0x00000000        0x0 UART.o
 .debug_macro   0x00000000      0x83e UART.o
 .debug_macro   0x00000000       0x22 UART.o
 .debug_macro   0x00000000       0x35 UART.o
 .debug_macro   0x00000000       0x9c UART.o
 .debug_macro   0x00000000      0x16d UART.o
 .debug_macro   0x00000000       0x52 UART.o
 .debug_macro   0x00000000       0x16 UART.o
 .debug_macro   0x00000000       0x43 UART.o
 .debug_macro   0x00000000      0x187 UART.o
 .debug_macro   0x00000000      0x330 UART.o
 .debug_macro   0x00000000      0x1da UART.o
 .debug_macro   0x00000000       0xfd UART.o
 .debug_macro   0x00000000       0x22 UART.o
 .debug_macro   0x00000000      0x1df UART.o
 .debug_macro   0x00000000       0x3a UART.o
 .debug_macro   0x00000000       0x1f UART.o
 .debug_macro   0x00000000      0x250 UART.o
 .debug_macro   0x00000000      0x67d UART.o
 .debug_macro   0x00000000      0x8b0 UART.o
 .debug_macro   0x00000000      0x22e UART.o
 .debug_macro   0x00000000      0xd5c UART.o
 .debug_macro   0x00000000      0x4c6 UART.o
 .debug_macro   0x00000000      0x9f6 UART.o
 .debug_macro   0x00000000      0x82a UART.o
 .debug_macro   0x00000000      0x450 UART.o
 .debug_macro   0x00000000       0x5e UART.o
 .debug_macro   0x00000000      0x8f8 UART.o
 .debug_macro   0x00000000      0x21c UART.o
 .debug_macro   0x00000000      0x734 UART.o
 .debug_macro   0x00000000       0x5e UART.o
 .debug_macro   0x00000000      0x631 UART.o
 .debug_macro   0x00000000      0x3ab UART.o
 .debug_macro   0x00000000      0xc75 UART.o
 .debug_macro   0x00000000     0x1092 UART.o
 .debug_macro   0x00000000      0xc4a UART.o
 .debug_macro   0x00000000      0x6ba UART.o
 .debug_macro   0x00000000     0x1b3c UART.o
 .debug_macro   0x00000000     0x143b UART.o
 .debug_macro   0x00000000      0x33f UART.o
 .debug_macro   0x00000000       0x7c UART.o
 .debug_macro   0x00000000       0xa0 UART.o
 .debug_macro   0x00000000       0x4c UART.o
 .debug_macro   0x00000000       0xca UART.o
 .debug_macro   0x00000000       0x94 UART.o
 .debug_macro   0x00000000       0x58 UART.o
 .debug_macro   0x00000000      0x340 UART.o
 .debug_macro   0x00000000       0x82 UART.o
 .debug_macro   0x00000000      0x188 UART.o
 .debug_macro   0x00000000       0xb8 UART.o
 .debug_macro   0x00000000       0xa0 UART.o
 .debug_macro   0x00000000       0xb2 UART.o
 .debug_macro   0x00000000       0x1c UART.o
 .debug_macro   0x00000000       0x1c UART.o
 .debug_macro   0x00000000       0x1c UART.o
 .debug_macro   0x00000000       0x7c UART.o
 .debug_macro   0x00000000      0x15a UART.o
 .debug_macro   0x00000000       0xdc UART.o
 .debug_macro   0x00000000      0x124 UART.o
 .debug_macro   0x00000000      0x124 UART.o
 .debug_macro   0x00000000      0x124 UART.o
 .debug_macro   0x00000000      0x124 UART.o
 .debug_macro   0x00000000      0x124 UART.o
 .debug_macro   0x00000000      0x124 UART.o
 .debug_macro   0x00000000      0x124 UART.o
 .debug_macro   0x00000000       0xe2 UART.o
 .debug_macro   0x00000000       0xe2 UART.o
 .debug_macro   0x00000000       0xe2 UART.o
 .debug_macro   0x00000000      0x12a UART.o
 .debug_macro   0x00000000      0x100 UART.o
 .debug_macro   0x00000000       0xf4 UART.o
 .debug_macro   0x00000000      0x40f UART.o
 .debug_macro   0x00000000       0x40 UART.o
 .debug_macro   0x00000000      0x36f UART.o
 .debug_macro   0x00000000     0x17de UART.o
 .debug_macro   0x00000000       0x6d UART.o
 .debug_macro   0x00000000       0x1c UART.o
 .data          0x00000000        0x0 c:/program files (x86)/atmel/studio/7.0/toolchain/arm/arm-gnu-toolchain/bin/../lib/gcc/arm-none-eabi/5.3.1/armv6-m\libgcc.a(_udivsi3.o)
 .bss           0x00000000        0x0 c:/program files (x86)/atmel/studio/7.0/toolchain/arm/arm-gnu-toolchain/bin/../lib/gcc/arm-none-eabi/5.3.1/armv6-m\libgcc.a(_udivsi3.o)
 .data          0x00000000        0x0 c:/program files (x86)/atmel/studio/7.0/toolchain/arm/arm-gnu-toolchain/bin/../lib/gcc/arm-none-eabi/5.3.1/armv6-m\libgcc.a(_dvmd_tls.o)
 .bss           0x00000000        0x0 c:/program files (x86)/atmel/studio/7.0/toolchain/arm/arm-gnu-toolchain/bin/../lib/gcc/arm-none-eabi/5.3.1/armv6-m\libgcc.a(_dvmd_tls.o)
 .text          0x00000000        0x0 c:/program files (x86)/atmel/studio/7.0/toolchain/arm/arm-gnu-toolchain/bin/../lib/gcc/arm-none-eabi/5.3.1/../../../../arm-none-eabi/lib/armv6-m\libc.a(lib_a-exit.o)
 .data          0x00000000        0x0 c:/program files (x86)/atmel/studio/7.0/toolchain/arm/arm-gnu-toolchain/bin/../lib/gcc/arm-none-eabi/5.3.1/../../../../arm-none-eabi/lib/armv6-m\libc.a(lib_a-exit.o)
 .bss           0x00000000        0x0 c:/program files (x86)/atmel/studio/7.0/toolchain/arm/arm-gnu-toolchain/bin/../lib/gcc/arm-none-eabi/5.3.1/../../../../arm-none-eabi/lib/armv6-m\libc.a(lib_a-exit.o)
 .text.exit     0x00000000       0x20 c:/program files (x86)/atmel/studio/7.0/toolchain/arm/arm-gnu-toolchain/bin/../lib/gcc/arm-none-eabi/5.3.1/../../../../arm-none-eabi/lib/armv6-m\libc.a(lib_a-exit.o)
 .debug_frame   0x00000000       0x28 c:/program files (x86)/atmel/studio/7.0/toolchain/arm/arm-gnu-toolchain/bin/../lib/gcc/arm-none-eabi/5.3.1/../../../../arm-none-eabi/lib/armv6-m\libc.a(lib_a-exit.o)
 .ARM.attributes
                0x00000000       0x2c c:/program files (x86)/atmel/studio/7.0/toolchain/arm/arm-gnu-toolchain/bin/../lib/gcc/arm-none-eabi/5.3.1/../../../../arm-none-eabi/lib/armv6-m\libc.a(lib_a-exit.o)
 .text          0x00000000        0x0 c:/program files (x86)/atmel/studio/7.0/toolchain/arm/arm-gnu-toolchain/bin/../lib/gcc/arm-none-eabi/5.3.1/../../../../arm-none-eabi/lib/armv6-m\libc.a(lib_a-impure.o)
 .data          0x00000000        0x0 c:/program files (x86)/atmel/studio/7.0/toolchain/arm/arm-gnu-toolchain/bin/../lib/gcc/arm-none-eabi/5.3.1/../../../../arm-none-eabi/lib/armv6-m\libc.a(lib_a-impure.o)
 .bss           0x00000000        0x0 c:/program files (x86)/atmel/studio/7.0/toolchain/arm/arm-gnu-toolchain/bin/../lib/gcc/arm-none-eabi/5.3.1/../../../../arm-none-eabi/lib/armv6-m\libc.a(lib_a-impure.o)
 .data._impure_ptr
                0x00000000        0x4 c:/program files (x86)/atmel/studio/7.0/toolchain/arm/arm-gnu-toolchain/bin/../lib/gcc/arm-none-eabi/5.3.1/../../../../arm-none-eabi/lib/armv6-m\libc.a(lib_a-impure.o)
 .text          0x00000000        0x0 c:/program files (x86)/atmel/studio/7.0/toolchain/arm/arm-gnu-toolchain/bin/../lib/gcc/arm-none-eabi/5.3.1/../../../../arm-none-eabi/lib/armv6-m\libc.a(lib_a-init.o)
 .data          0x00000000        0x0 c:/program files (x86)/atmel/studio/7.0/toolchain/arm/arm-gnu-toolchain/bin/../lib/gcc/arm-none-eabi/5.3.1/../../../../arm-none-eabi/lib/armv6-m\libc.a(lib_a-init.o)
 .bss           0x00000000        0x0 c:/program files (x86)/atmel/studio/7.0/toolchain/arm/arm-gnu-toolchain/bin/../lib/gcc/arm-none-eabi/5.3.1/../../../../arm-none-eabi/lib/armv6-m\libc.a(lib_a-init.o)
 .text          0x00000000        0x0 c:/program files (x86)/atmel/studio/7.0/toolchain/arm/arm-gnu-toolchain/bin/../lib/gcc/arm-none-eabi/5.3.1/../../../../arm-none-eabi/lib/armv6-m\libc.a(lib_a-memset.o)
 .data          0x00000000        0x0 c:/program files (x86)/atmel/studio/7.0/toolchain/arm/arm-gnu-toolchain/bin/../lib/gcc/arm-none-eabi/5.3.1/../../../../arm-none-eabi/lib/armv6-m\libc.a(lib_a-memset.o)
 .bss           0x00000000        0x0 c:/program files (x86)/atmel/studio/7.0/toolchain/arm/arm-gnu-toolchain/bin/../lib/gcc/arm-none-eabi/5.3.1/../../../../arm-none-eabi/lib/armv6-m\libc.a(lib_a-memset.o)
 .text.memset   0x00000000       0x8c c:/program files (x86)/atmel/studio/7.0/toolchain/arm/arm-gnu-toolchain/bin/../lib/gcc/arm-none-eabi/5.3.1/../../../../arm-none-eabi/lib/armv6-m\libc.a(lib_a-memset.o)
 .debug_frame   0x00000000       0x2c c:/program files (x86)/atmel/studio/7.0/toolchain/arm/arm-gnu-toolchain/bin/../lib/gcc/arm-none-eabi/5.3.1/../../../../arm-none-eabi/lib/armv6-m\libc.a(lib_a-memset.o)
 .ARM.attributes
                0x00000000       0x2c c:/program files (x86)/atmel/studio/7.0/toolchain/arm/arm-gnu-toolchain/bin/../lib/gcc/arm-none-eabi/5.3.1/../../../../arm-none-eabi/lib/armv6-m\libc.a(lib_a-memset.o)
 .text          0x00000000        0x0 c:/program files (x86)/atmel/studio/7.0/toolchain/arm/arm-gnu-toolchain/bin/../lib/gcc/arm-none-eabi/5.3.1/../../../../arm-none-eabi/lib/armv6-m\libc.a(lib_a-__call_atexit.o)
 .data          0x00000000        0x0 c:/program files (x86)/atmel/studio/7.0/toolchain/arm/arm-gnu-toolchain/bin/../lib/gcc/arm-none-eabi/5.3.1/../../../../arm-none-eabi/lib/armv6-m\libc.a(lib_a-__call_atexit.o)
 .bss           0x00000000        0x0 c:/program files (x86)/atmel/studio/7.0/toolchain/arm/arm-gnu-toolchain/bin/../lib/gcc/arm-none-eabi/5.3.1/../../../../arm-none-eabi/lib/armv6-m\libc.a(lib_a-__call_atexit.o)
 .text.__call_exitprocs
                0x00000000       0xfc c:/program files (x86)/atmel/studio/7.0/toolchain/arm/arm-gnu-toolchain/bin/../lib/gcc/arm-none-eabi/5.3.1/../../../../arm-none-eabi/lib/armv6-m\libc.a(lib_a-__call_atexit.o)
 .text          0x00000000        0x0 c:/program files (x86)/atmel/studio/7.0/toolchain/arm/arm-gnu-toolchain/bin/../lib/gcc/arm-none-eabi/5.3.1/../../../../arm-none-eabi/lib/armv6-m\libc.a(lib_a-atexit.o)
 .data          0x00000000        0x0 c:/program files (x86)/atmel/studio/7.0/toolchain/arm/arm-gnu-toolchain/bin/../lib/gcc/arm-none-eabi/5.3.1/../../../../arm-none-eabi/lib/armv6-m\libc.a(lib_a-atexit.o)
 .bss           0x00000000        0x0 c:/program files (x86)/atmel/studio/7.0/toolchain/arm/arm-gnu-toolchain/bin/../lib/gcc/arm-none-eabi/5.3.1/../../../../arm-none-eabi/lib/armv6-m\libc.a(lib_a-atexit.o)
 .text          0x00000000        0x0 c:/program files (x86)/atmel/studio/7.0/toolchain/arm/arm-gnu-toolchain/bin/../lib/gcc/arm-none-eabi/5.3.1/../../../../arm-none-eabi/lib/armv6-m\libc.a(lib_a-fini.o)
 .data          0x00000000        0x0 c:/program files (x86)/atmel/studio/7.0/toolchain/arm/arm-gnu-toolchain/bin/../lib/gcc/arm-none-eabi/5.3.1/../../../../arm-none-eabi/lib/armv6-m\libc.a(lib_a-fini.o)
 .bss           0x00000000        0x0 c:/program files (x86)/atmel/studio/7.0/toolchain/arm/arm-gnu-toolchain/bin/../lib/gcc/arm-none-eabi/5.3.1/../../../../arm-none-eabi/lib/armv6-m\libc.a(lib_a-fini.o)
 .text          0x00000000        0x0 c:/program files (x86)/atmel/studio/7.0/toolchain/arm/arm-gnu-toolchain/bin/../lib/gcc/arm-none-eabi/5.3.1/../../../../arm-none-eabi/lib/armv6-m\libc.a(lib_a-__atexit.o)
 .data          0x00000000        0x0 c:/program files (x86)/atmel/studio/7.0/toolchain/arm/arm-gnu-toolchain/bin/../lib/gcc/arm-none-eabi/5.3.1/../../../../arm-none-eabi/lib/armv6-m\libc.a(lib_a-__atexit.o)
 .bss           0x00000000        0x0 c:/program files (x86)/atmel/studio/7.0/toolchain/arm/arm-gnu-toolchain/bin/../lib/gcc/arm-none-eabi/5.3.1/../../../../arm-none-eabi/lib/armv6-m\libc.a(lib_a-__atexit.o)
 .text          0x00000000        0x0 c:/program files (x86)/atmel/studio/7.0/toolchain/arm/arm-gnu-toolchain/bin/../lib/gcc/arm-none-eabi/5.3.1/armv6-m/crtend.o
 .data          0x00000000        0x0 c:/program files (x86)/atmel/studio/7.0/toolchain/arm/arm-gnu-toolchain/bin/../lib/gcc/arm-none-eabi/5.3.1/armv6-m/crtend.o
 .bss           0x00000000        0x0 c:/program files (x86)/atmel/studio/7.0/toolchain/arm/arm-gnu-toolchain/bin/../lib/gcc/arm-none-eabi/5.3.1/armv6-m/crtend.o
 .eh_frame      0x00000000        0x4 c:/program files (x86)/atmel/studio/7.0/toolchain/arm/arm-gnu-toolchain/bin/../lib/gcc/arm-none-eabi/5.3.1/armv6-m/crtend.o
 .jcr           0x00000000        0x4 c:/program files (x86)/atmel/studio/7.0/toolchain/arm/arm-gnu-toolchain/bin/../lib/gcc/arm-none-eabi/5.3.1/armv6-m/crtend.o
 .ARM.attributes
                0x00000000       0x2c c:/program files (x86)/atmel/studio/7.0/toolchain/arm/arm-gnu-toolchain/bin/../lib/gcc/arm-none-eabi/5.3.1/armv6-m/crtend.o
 .text          0x00000000        0x0 c:/program files (x86)/atmel/studio/7.0/toolchain/arm/arm-gnu-toolchain/bin/../lib/gcc/arm-none-eabi/5.3.1/armv6-m/crtn.o
 .data          0x00000000        0x0 c:/program files (x86)/atmel/studio/7.0/toolchain/arm/arm-gnu-toolchain/bin/../lib/gcc/arm-none-eabi/5.3.1/armv6-m/crtn.o
 .bss           0x00000000        0x0 c:/program files (x86)/atmel/studio/7.0/toolchain/arm/arm-gnu-toolchain/bin/../lib/gcc/arm-none-eabi/5.3.1/armv6-m/crtn.o

Memory Configuration

Name             Origin             Length             Attributes
rom              0x00000000         0x00040000         xr
ram              0x20000000         0x00008000         xrw
*default*        0x00000000         0xffffffff

Linker script and memory map

LOAD c:/program files (x86)/atmel/studio/7.0/toolchain/arm/arm-gnu-toolchain/bin/../lib/gcc/arm-none-eabi/5.3.1/armv6-m/crti.o
LOAD c:/program files (x86)/atmel/studio/7.0/toolchain/arm/arm-gnu-toolchain/bin/../lib/gcc/arm-none-eabi/5.3.1/armv6-m/crtbegin.o
LOAD c:/program files (x86)/atmel/studio/7.0/toolchain/arm/arm-gnu-toolchain/bin/../lib/gcc/arm-none-eabi/5.3.1/../../../../arm-none-eabi/lib/armv6-m/crt0.o
LOAD Device_Startup/startup_samd21.o
LOAD Device_Startup/system_samd21.o
LOAD main.o
LOAD nvmCtrl.o
LOAD UART.o
START GROUP
END GROUP
LOAD c:/program files (x86)/atmel/studio/7.0/toolchain/arm/arm-gnu-toolchain/bin/../lib/gcc/arm-none-eabi/5.3.1/../../../../arm-none-eabi/lib/armv6-m\libstdc++.a
LOAD c:/program files (x86)/atmel/studio/7.0/toolchain/arm/arm-gnu-toolchain/bin/../lib/gcc/arm-none-eabi/5.3.1/../../../../arm-none-eabi/lib/armv6-m\libm.a
START GROUP
LOAD c:/program files (x86)/atmel/studio/7.0/toolchain/arm/arm-gnu-toolchain/bin/../lib/gcc/arm-none-eabi/5.3.1/armv6-m\libgcc.a
LOAD c:/program files (x86)/atmel/studio/7.0/toolchain/arm/arm-gnu-toolchain/bin/../lib/gcc/arm-none-eabi/5.3.1/../../../../arm-none-eabi/lib/armv6-m\libc.a
END GROUP
LOAD c:/program files (x86)/atmel/studio/7.0/toolchain/arm/arm-gnu-toolchain/bin/../lib/gcc/arm-none-eabi/5.3.1/armv6-m/crtend.o
LOAD c:/program files (x86)/atmel/studio/7.0/toolchain/arm/arm-gnu-toolchain/bin/../lib/gcc/arm-none-eabi/5.3.1/armv6-m/crtn.o
                0x00002000                STACK_SIZE = DEFINED (STACK_SIZE)?STACK_SIZE:DEFINED (__stack_size__)?__stack_size__:0x2000

.text           0x00000000      0xbc8
                0x00000000                . = ALIGN (0x4)
                0x00000000                _sfixed = .
 *(.vectors .vectors.*)
 .vectors       0x00000000       0xb4 Device_Startup/startup_samd21.o
                0x00000000                exception_table
 *(.text .text.* .gnu.linkonce.t.*)
 .text          0x000000b4       0x60 c:/program files (x86)/atmel/studio/7.0/toolchain/arm/arm-gnu-toolchain/bin/../lib/gcc/arm-none-eabi/5.3.1/armv6-m/crtbegin.o
 .text.Dummy_Handler
                0x00000114        0x4 Device_Startup/startup_samd21.o
                0x00000114                DMAC_Handler
                0x00000114                HardFault_Handler
                0x00000114                AC_Handler
                0x00000114                SysTick_Handler
                0x00000114                PendSV_Handler
                0x00000114                NMI_Handler
                0x00000114                SERCOM1_Handler
                0x00000114                ADC_Handler
                0x00000114                TCC1_Handler
                0x00000114                SERCOM2_Handler
                0x00000114                TCC0_Handler
                0x00000114                RTC_Handler
                0x00000114                EIC_Handler
                0x00000114                WDT_Handler
                0x00000114                TC4_Handler
                0x00000114                USB_Handler
                0x00000114                TC3_Handler
                0x00000114                Dummy_Handler
                0x00000114                PM_Handler
                0x00000114                SVC_Handler
                0x00000114                TCC2_Handler
                0x00000114                EVSYS_Handler
                0x00000114                SERCOM3_Handler
                0x00000114                SERCOM4_Handler
                0x00000114                I2S_Handler
                0x00000114                NVMCTRL_Handler
                0x00000114                SERCOM0_Handler
                0x00000114                DAC_Handler
                0x00000114                PTC_Handler
                0x00000114                TC5_Handler
                0x00000114                SYSCTRL_Handler
 .text.Reset_Handler
                0x00000118       0xf8 Device_Startup/startup_samd21.o
                0x00000118                Reset_Handler
 .text.SystemInit
                0x00000210      0x15c Device_Startup/system_samd21.o
                0x00000210                SystemInit
 .text._Z6rxFuncv
                0x0000036c       0x14 main.o
                0x0000036c                rxFunc()
 .text._Z15bootloaderCheckv
                0x00000380       0x30 main.o
                0x00000380                bootloaderCheck()
 .text.main     0x000003b0       0x6c main.o
                0x000003b0                main
 .text.SERCOM5_Handler
                0x0000041c       0x14 main.o
                0x0000041c                SERCOM5_Handler
 .text._GLOBAL__sub_I__Z15bootloaderCheckv
                0x00000430       0x48 main.o
 .text._ZN7FlasherC2Ev
                0x00000478       0x24 nvmCtrl.o
                0x00000478                Flasher::Flasher()
                0x00000478                Flasher::Flasher()
 .text._ZN7Flasher11eraseRowNumEt
                0x0000049c       0x40 nvmCtrl.o
                0x0000049c                Flasher::eraseRowNum(unsigned short)
 .text._ZN7Flasher9writePageEv
                0x000004dc       0xdc nvmCtrl.o
                0x000004dc                Flasher::writePage()
 .text._ZN7Flasher11inputStreamEv
                0x000005b8      0x12c nvmCtrl.o
                0x000005b8                Flasher::inputStream()
 .text._ZN4UARTC2EP6SercomhhhhhhPFvvE
                0x000006e4       0x48 UART.o
                0x000006e4                UART::UART(Sercom*, unsigned char, unsigned char, unsigned char, unsigned char, unsigned char, unsigned char, void (*)())
                0x000006e4                UART::UART(Sercom*, unsigned char, unsigned char, unsigned char, unsigned char, unsigned char, unsigned char, void (*)())
 .text._ZN4UART5beginEm
                0x0000072c       0xec UART.o
                0x0000072c                UART::begin(unsigned long)
 .text._ZN4UART14availableBytesEv
                0x00000818       0x20 UART.o
                0x00000818                UART::availableBytes()
 .text._ZN4UART4sendEv
                0x00000838       0x3c UART.o
                0x00000838                UART::send()
 .text._ZN4UART10irqHandlerEv
                0x00000874       0x38 UART.o
                0x00000874                UART::irqHandler()
 .text._ZN4UART4readEv
                0x000008ac       0x24 UART.o
                0x000008ac                UART::read()
 .text._ZN4UART5writeEh
                0x000008d0       0x38 UART.o
                0x000008d0                UART::write(unsigned char)
 .text          0x00000908      0x114 c:/program files (x86)/atmel/studio/7.0/toolchain/arm/arm-gnu-toolchain/bin/../lib/gcc/arm-none-eabi/5.3.1/armv6-m\libgcc.a(_udivsi3.o)
                0x00000908                __aeabi_uidiv
                0x00000908                __udivsi3
                0x00000a14                __aeabi_uidivmod
 .text          0x00000a1c        0x4 c:/program files (x86)/atmel/studio/7.0/toolchain/arm/arm-gnu-toolchain/bin/../lib/gcc/arm-none-eabi/5.3.1/armv6-m\libgcc.a(_dvmd_tls.o)
                0x00000a1c                __aeabi_idiv0
                0x00000a1c                __aeabi_ldiv0
 .text.__libc_init_array
                0x00000a20       0x48 c:/program files (x86)/atmel/studio/7.0/toolchain/arm/arm-gnu-toolchain/bin/../lib/gcc/arm-none-eabi/5.3.1/../../../../arm-none-eabi/lib/armv6-m\libc.a(lib_a-init.o)
                0x00000a20                __libc_init_array
 .text.startup.register_fini
                0x00000a68       0x18 c:/program files (x86)/atmel/studio/7.0/toolchain/arm/arm-gnu-toolchain/bin/../lib/gcc/arm-none-eabi/5.3.1/../../../../arm-none-eabi/lib/armv6-m\libc.a(lib_a-__call_atexit.o)
 .text.atexit   0x00000a80       0x10 c:/program files (x86)/atmel/studio/7.0/toolchain/arm/arm-gnu-toolchain/bin/../lib/gcc/arm-none-eabi/5.3.1/../../../../arm-none-eabi/lib/armv6-m\libc.a(lib_a-atexit.o)
                0x00000a80                atexit
 .text.__libc_fini_array
                0x00000a90       0x34 c:/program files (x86)/atmel/studio/7.0/toolchain/arm/arm-gnu-toolchain/bin/../lib/gcc/arm-none-eabi/5.3.1/../../../../arm-none-eabi/lib/armv6-m\libc.a(lib_a-fini.o)
                0x00000a90                __libc_fini_array
 .text.__register_exitproc
                0x00000ac4       0xd4 c:/program files (x86)/atmel/studio/7.0/toolchain/arm/arm-gnu-toolchain/bin/../lib/gcc/arm-none-eabi/5.3.1/../../../../arm-none-eabi/lib/armv6-m\libc.a(lib_a-__atexit.o)
                0x00000ac4                __register_exitproc
 *(.glue_7t)
 .glue_7t       0x00000b98        0x0 linker stubs
 *(.glue_7)
 .glue_7        0x00000b98        0x0 linker stubs
 *(.rodata .rodata* .gnu.linkonce.r.*)
 .rodata.str1.4
                0x00000b98        0x4 c:/program files (x86)/atmel/studio/7.0/toolchain/arm/arm-gnu-toolchain/bin/../lib/gcc/arm-none-eabi/5.3.1/../../../../arm-none-eabi/lib/armv6-m\libc.a(lib_a-impure.o)
                                  0x2 (size before relaxing)
 .rodata._global_impure_ptr
                0x00000b9c        0x4 c:/program files (x86)/atmel/studio/7.0/toolchain/arm/arm-gnu-toolchain/bin/../lib/gcc/arm-none-eabi/5.3.1/../../../../arm-none-eabi/lib/armv6-m\libc.a(lib_a-impure.o)
                0x00000b9c                _global_impure_ptr
 *(.ARM.extab* .gnu.linkonce.armextab.*)
                0x00000ba0                . = ALIGN (0x4)
 *(.init)
 .init          0x00000ba0        0x4 c:/program files (x86)/atmel/studio/7.0/toolchain/arm/arm-gnu-toolchain/bin/../lib/gcc/arm-none-eabi/5.3.1/armv6-m/crti.o
                0x00000ba0                _init
 .init          0x00000ba4        0x8 c:/program files (x86)/atmel/studio/7.0/toolchain/arm/arm-gnu-toolchain/bin/../lib/gcc/arm-none-eabi/5.3.1/armv6-m/crtn.o
                0x00000bac                . = ALIGN (0x4)
                0x00000bac                __preinit_array_start = .
 *(.preinit_array)
                0x00000bac                __preinit_array_end = .
                0x00000bac                . = ALIGN (0x4)
                0x00000bac                __init_array_start = .
 *(SORT(.init_array.*))
 .init_array.00000
                0x00000bac        0x4 c:/program files (x86)/atmel/studio/7.0/toolchain/arm/arm-gnu-toolchain/bin/../lib/gcc/arm-none-eabi/5.3.1/../../../../arm-none-eabi/lib/armv6-m\libc.a(lib_a-__call_atexit.o)
 *(.init_array)
 .init_array    0x00000bb0        0x4 c:/program files (x86)/atmel/studio/7.0/toolchain/arm/arm-gnu-toolchain/bin/../lib/gcc/arm-none-eabi/5.3.1/armv6-m/crtbegin.o
 .init_array    0x00000bb4        0x4 main.o
                0x00000bb8                __init_array_end = .
                0x00000bb8                . = ALIGN (0x4)
 *crtbegin.o(.ctors)
 *(EXCLUDE_FILE(*crtend.o) .ctors)
 *(SORT(.ctors.*))
 *crtend.o(.ctors)
                0x00000bb8                . = ALIGN (0x4)
 *(.fini)
 .fini          0x00000bb8        0x4 c:/program files (x86)/atmel/studio/7.0/toolchain/arm/arm-gnu-toolchain/bin/../lib/gcc/arm-none-eabi/5.3.1/armv6-m/crti.o
                0x00000bb8                _fini
 .fini          0x00000bbc        0x8 c:/program files (x86)/atmel/studio/7.0/toolchain/arm/arm-gnu-toolchain/bin/../lib/gcc/arm-none-eabi/5.3.1/armv6-m/crtn.o
                0x00000bc4                . = ALIGN (0x4)
                0x00000bc4                __fini_array_start = .
 *(.fini_array)
 .fini_array    0x00000bc4        0x4 c:/program files (x86)/atmel/studio/7.0/toolchain/arm/arm-gnu-toolchain/bin/../lib/gcc/arm-none-eabi/5.3.1/armv6-m/crtbegin.o
 *(SORT(.fini_array.*))
                0x00000bc8                __fini_array_end = .
 *crtbegin.o(.dtors)
 *(EXCLUDE_FILE(*crtend.o) .dtors)
 *(SORT(.dtors.*))
 *crtend.o(.dtors)
                0x00000bc8                . = ALIGN (0x4)
                0x00000bc8                _efixed = .
                [!provide]                PROVIDE (__exidx_start, .)

.vfp11_veneer   0x00000bc8        0x0
 .vfp11_veneer  0x00000bc8        0x0 linker stubs

.v4_bx          0x00000bc8        0x0
 .v4_bx         0x00000bc8        0x0 linker stubs

.iplt           0x00000bc8        0x0
 .iplt          0x00000bc8        0x0 c:/program files (x86)/atmel/studio/7.0/toolchain/arm/arm-gnu-toolchain/bin/../lib/gcc/arm-none-eabi/5.3.1/armv6-m/crtbegin.o

.eh_frame       0x00000bc8        0x0
 .eh_frame      0x00000bc8        0x0 c:/program files (x86)/atmel/studio/7.0/toolchain/arm/arm-gnu-toolchain/bin/../lib/gcc/arm-none-eabi/5.3.1/armv6-m/crtbegin.o

.rel.dyn        0x00000bc8        0x0
 .rel.iplt      0x00000bc8        0x0 c:/program files (x86)/atmel/studio/7.0/toolchain/arm/arm-gnu-toolchain/bin/../lib/gcc/arm-none-eabi/5.3.1/armv6-m/crtbegin.o

.jcr            0x00000bc8        0x0
 .jcr           0x00000bc8        0x0 c:/program files (x86)/atmel/studio/7.0/toolchain/arm/arm-gnu-toolchain/bin/../lib/gcc/arm-none-eabi/5.3.1/armv6-m/crtbegin.o

.igot.plt       0x00000bc8        0x0
 .igot.plt      0x00000bc8        0x0 c:/program files (x86)/atmel/studio/7.0/toolchain/arm/arm-gnu-toolchain/bin/../lib/gcc/arm-none-eabi/5.3.1/armv6-m/crtbegin.o

.ARM.exidx
 *(.ARM.exidx* .gnu.linkonce.armexidx.*)
                [!provide]                PROVIDE (__exidx_end, .)
                0x00000bc8                . = ALIGN (0x4)
                0x00000bc8                _etext = .

.relocate       0x20000000      0x430 load address 0x00000bc8
                0x20000000                . = ALIGN (0x4)
                0x20000000                _srelocate = .
 *(.ramfunc .ramfunc.*)
 *(.data .data.*)
 .data          0x20000000        0x4 Device_Startup/system_samd21.o
                0x20000000                SystemCoreClock
 *fill*         0x20000004        0x4 
 .data.impure_data
                0x20000008      0x428 c:/program files (x86)/atmel/studio/7.0/toolchain/arm/arm-gnu-toolchain/bin/../lib/gcc/arm-none-eabi/5.3.1/../../../../arm-none-eabi/lib/armv6-m\libc.a(lib_a-impure.o)
                0x20000430                . = ALIGN (0x4)
                0x20000430                _erelocate = .

.bss            0x20000430      0x23c load address 0x00000ff8
                0x20000430                . = ALIGN (0x4)
                0x20000430                _sbss = .
                0x20000430                _szero = .
 *(.bss .bss.*)
 .bss           0x20000430       0x1c c:/program files (x86)/atmel/studio/7.0/toolchain/arm/arm-gnu-toolchain/bin/../lib/gcc/arm-none-eabi/5.3.1/armv6-m/crtbegin.o
 .bss           0x2000044c      0x220 main.o
                0x2000044c                nvm
                0x20000458                Serial
 *(COMMON)
                0x2000066c                . = ALIGN (0x4)
                0x2000066c                _ebss = .
                0x2000066c                _ezero = .

.stack          0x2000066c     0x2004 load address 0x00001234
                0x20000670                . = ALIGN (0x8)
 *fill*         0x2000066c        0x4 
                0x20000670                _sstack = .
                0x20002670                . = (. + STACK_SIZE)
 *fill*         0x20000670     0x2000 
                0x20002670                . = ALIGN (0x8)
                0x20002670                _estack = .
                0x20002670                . = ALIGN (0x4)
                0x20002670                _end = .
OUTPUT(bootloader.elf elf32-littlearm)

.ARM.attributes
                0x00000000       0x28
 .ARM.attributes
                0x00000000       0x1e c:/program files (x86)/atmel/studio/7.0/toolchain/arm/arm-gnu-toolchain/bin/../lib/gcc/arm-none-eabi/5.3.1/armv6-m/crti.o
 .ARM.attributes
                0x0000001e       0x2c c:/program files (x86)/atmel/studio/7.0/toolchain/arm/arm-gnu-toolchain/bin/../lib/gcc/arm-none-eabi/5.3.1/armv6-m/crtbegin.o
 .ARM.attributes
                0x0000004a       0x32 Device_Startup/startup_samd21.o
 .ARM.attributes
                0x0000007c       0x32 Device_Startup/system_samd21.o
 .ARM.attributes
                0x000000ae       0x32 main.o
 .ARM.attributes
                0x000000e0       0x32 nvmCtrl.o
 .ARM.attributes
                0x00000112       0x32 UART.o
 .ARM.attributes
                0x00000144       0x1e c:/program files (x86)/atmel/studio/7.0/toolchain/arm/arm-gnu-toolchain/bin/../lib/gcc/arm-none-eabi/5.3.1/armv6-m\libgcc.a(_udivsi3.o)
 .ARM.attributes
                0x00000162       0x1e c:/program files (x86)/atmel/studio/7.0/toolchain/arm/arm-gnu-toolchain/bin/../lib/gcc/arm-none-eabi/5.3.1/armv6-m\libgcc.a(_dvmd_tls.o)
 .ARM.attributes
                0x00000180       0x2c c:/program files (x86)/atmel/studio/7.0/toolchain/arm/arm-gnu-toolchain/bin/../lib/gcc/arm-none-eabi/5.3.1/../../../../arm-none-eabi/lib/armv6-m\libc.a(lib_a-impure.o)
 .ARM.attributes
                0x000001ac       0x2c c:/program files (x86)/atmel/studio/7.0/toolchain/arm/arm-gnu-toolchain/bin/../lib/gcc/arm-none-eabi/5.3.1/../../../../arm-none-eabi/lib/armv6-m\libc.a(lib_a-init.o)
 .ARM.attributes
                0x000001d8       0x2c c:/program files (x86)/atmel/studio/7.0/toolchain/arm/arm-gnu-toolchain/bin/../lib/gcc/arm-none-eabi/5.3.1/../../../../arm-none-eabi/lib/armv6-m\libc.a(lib_a-__call_atexit.o)
 .ARM.attributes
                0x00000204       0x2c c:/program files (x86)/atmel/studio/7.0/toolchain/arm/arm-gnu-toolchain/bin/../lib/gcc/arm-none-eabi/5.3.1/../../../../arm-none-eabi/lib/armv6-m\libc.a(lib_a-atexit.o)
 .ARM.attributes
                0x00000230       0x2c c:/program files (x86)/atmel/studio/7.0/toolchain/arm/arm-gnu-toolchain/bin/../lib/gcc/arm-none-eabi/5.3.1/../../../../arm-none-eabi/lib/armv6-m\libc.a(lib_a-fini.o)
 .ARM.attributes
                0x0000025c       0x2c c:/program files (x86)/atmel/studio/7.0/toolchain/arm/arm-gnu-toolchain/bin/../lib/gcc/arm-none-eabi/5.3.1/../../../../arm-none-eabi/lib/armv6-m\libc.a(lib_a-__atexit.o)
 .ARM.attributes
                0x00000288       0x1e c:/program files (x86)/atmel/studio/7.0/toolchain/arm/arm-gnu-toolchain/bin/../lib/gcc/arm-none-eabi/5.3.1/armv6-m/crtn.o

.comment        0x00000000       0x59
 .comment       0x00000000       0x59 Device_Startup/startup_samd21.o
                                 0x5a (size before relaxing)
 .comment       0x00000059       0x5a Device_Startup/system_samd21.o
 .comment       0x00000059       0x5a main.o
 .comment       0x00000059       0x5a nvmCtrl.o
 .comment       0x00000059       0x5a UART.o

.debug_info     0x00000000     0xf5d7
 .debug_info    0x00000000     0x3a68 Device_Startup/startup_samd21.o
 .debug_info    0x00003a68     0x2163 Device_Startup/system_samd21.o
 .debug_info    0x00005bcb     0x3813 main.o
 .debug_info    0x000093de     0x2a4a nvmCtrl.o
 .debug_info    0x0000be28     0x37af UART.o

.debug_abbrev   0x00000000      0xe21
 .debug_abbrev  0x00000000      0x217 Device_Startup/startup_samd21.o
 .debug_abbrev  0x00000217      0x150 Device_Startup/system_samd21.o
 .debug_abbrev  0x00000367      0x383 main.o
 .debug_abbrev  0x000006ea      0x3b5 nvmCtrl.o
 .debug_abbrev  0x00000a9f      0x382 UART.o

.debug_loc      0x00000000      0x755
 .debug_loc     0x00000000       0x20 Device_Startup/startup_samd21.o
 .debug_loc     0x00000020      0x104 main.o
 .debug_loc     0x00000124      0x2b9 nvmCtrl.o
 .debug_loc     0x000003dd      0x378 UART.o

.debug_aranges  0x00000000      0x128
 .debug_aranges
                0x00000000       0x28 Device_Startup/startup_samd21.o
 .debug_aranges
                0x00000028       0x28 Device_Startup/system_samd21.o
 .debug_aranges
                0x00000050       0x40 main.o
 .debug_aranges
                0x00000090       0x48 nvmCtrl.o
 .debug_aranges
                0x000000d8       0x50 UART.o

.debug_ranges   0x00000000      0x108
 .debug_ranges  0x00000000       0x18 Device_Startup/startup_samd21.o
 .debug_ranges  0x00000018       0x18 Device_Startup/system_samd21.o
 .debug_ranges  0x00000030       0x30 main.o
 .debug_ranges  0x00000060       0x68 nvmCtrl.o
 .debug_ranges  0x000000c8       0x40 UART.o

.debug_macro    0x00000000    0x12a78
 .debug_macro   0x00000000      0x2e5 Device_Startup/startup_samd21.o
 .debug_macro   0x000002e5      0x826 Device_Startup/startup_samd21.o
 .debug_macro   0x00000b0b       0x22 Device_Startup/startup_samd21.o
 .debug_macro   0x00000b2d       0x87 Device_Startup/startup_samd21.o
 .debug_macro   0x00000bb4       0x44 Device_Startup/startup_samd21.o
 .debug_macro   0x00000bf8       0xfd Device_Startup/startup_samd21.o
 .debug_macro   0x00000cf5       0x22 Device_Startup/startup_samd21.o
 .debug_macro   0x00000d17      0x1df Device_Startup/startup_samd21.o
 .debug_macro   0x00000ef6       0x40 Device_Startup/startup_samd21.o
 .debug_macro   0x00000f36       0x3a Device_Startup/startup_samd21.o
 .debug_macro   0x00000f70       0x1f Device_Startup/startup_samd21.o
 .debug_macro   0x00000f8f      0x250 Device_Startup/startup_samd21.o
 .debug_macro   0x000011df      0x67d Device_Startup/startup_samd21.o
 .debug_macro   0x0000185c      0x8b0 Device_Startup/startup_samd21.o
 .debug_macro   0x0000210c      0x22e Device_Startup/startup_samd21.o
 .debug_macro   0x0000233a      0xd5c Device_Startup/startup_samd21.o
 .debug_macro   0x00003096      0x4c6 Device_Startup/startup_samd21.o
 .debug_macro   0x0000355c      0x9f6 Device_Startup/startup_samd21.o
 .debug_macro   0x00003f52      0x82a Device_Startup/startup_samd21.o
 .debug_macro   0x0000477c      0x450 Device_Startup/startup_samd21.o
 .debug_macro   0x00004bcc       0x5e Device_Startup/startup_samd21.o
 .debug_macro   0x00004c2a      0x8f8 Device_Startup/startup_samd21.o
 .debug_macro   0x00005522      0x21c Device_Startup/startup_samd21.o
 .debug_macro   0x0000573e      0x734 Device_Startup/startup_samd21.o
 .debug_macro   0x00005e72       0x5e Device_Startup/startup_samd21.o
 .debug_macro   0x00005ed0      0x631 Device_Startup/startup_samd21.o
 .debug_macro   0x00006501      0x3ab Device_Startup/startup_samd21.o
 .debug_macro   0x000068ac      0xc75 Device_Startup/startup_samd21.o
 .debug_macro   0x00007521     0x1092 Device_Startup/startup_samd21.o
 .debug_macro   0x000085b3      0xc4a Device_Startup/startup_samd21.o
 .debug_macro   0x000091fd      0x6ba Device_Startup/startup_samd21.o
 .debug_macro   0x000098b7     0x1b3c Device_Startup/startup_samd21.o
 .debug_macro   0x0000b3f3     0x143b Device_Startup/startup_samd21.o
 .debug_macro   0x0000c82e      0x33f Device_Startup/startup_samd21.o
 .debug_macro   0x0000cb6d       0x7c Device_Startup/startup_samd21.o
 .debug_macro   0x0000cbe9       0xa0 Device_Startup/startup_samd21.o
 .debug_macro   0x0000cc89       0x4c Device_Startup/startup_samd21.o
 .debug_macro   0x0000ccd5       0xca Device_Startup/startup_samd21.o
 .debug_macro   0x0000cd9f       0x94 Device_Startup/startup_samd21.o
 .debug_macro   0x0000ce33       0x58 Device_Startup/startup_samd21.o
 .debug_macro   0x0000ce8b      0x340 Device_Startup/startup_samd21.o
 .debug_macro   0x0000d1cb       0x82 Device_Startup/startup_samd21.o
 .debug_macro   0x0000d24d      0x188 Device_Startup/startup_samd21.o
 .debug_macro   0x0000d3d5       0xb8 Device_Startup/startup_samd21.o
 .debug_macro   0x0000d48d       0xa0 Device_Startup/startup_samd21.o
 .debug_macro   0x0000d52d       0xb2 Device_Startup/startup_samd21.o
 .debug_macro   0x0000d5df       0x1c Device_Startup/startup_samd21.o
 .debug_macro   0x0000d5fb       0x1c Device_Startup/startup_samd21.o
 .debug_macro   0x0000d617       0x1c Device_Startup/startup_samd21.o
 .debug_macro   0x0000d633       0x7c Device_Startup/startup_samd21.o
 .debug_macro   0x0000d6af      0x15a Device_Startup/startup_samd21.o
 .debug_macro   0x0000d809       0xdc Device_Startup/startup_samd21.o
 .debug_macro   0x0000d8e5      0x124 Device_Startup/startup_samd21.o
 .debug_macro   0x0000da09      0x124 Device_Startup/startup_samd21.o
 .debug_macro   0x0000db2d      0x124 Device_Startup/startup_samd21.o
 .debug_macro   0x0000dc51      0x124 Device_Startup/startup_samd21.o
 .debug_macro   0x0000dd75      0x124 Device_Startup/startup_samd21.o
 .debug_macro   0x0000de99      0x124 Device_Startup/startup_samd21.o
 .debug_macro   0x0000dfbd      0x124 Device_Startup/startup_samd21.o
 .debug_macro   0x0000e0e1       0xe2 Device_Startup/startup_samd21.o
 .debug_macro   0x0000e1c3       0xe2 Device_Startup/startup_samd21.o
 .debug_macro   0x0000e2a5       0xe2 Device_Startup/startup_samd21.o
 .debug_macro   0x0000e387      0x12a Device_Startup/startup_samd21.o
 .debug_macro   0x0000e4b1      0x100 Device_Startup/startup_samd21.o
 .debug_macro   0x0000e5b1       0xf4 Device_Startup/startup_samd21.o
 .debug_macro   0x0000e6a5      0x40f Device_Startup/startup_samd21.o
 .debug_macro   0x0000eab4       0x40 Device_Startup/startup_samd21.o
 .debug_macro   0x0000eaf4      0x36f Device_Startup/startup_samd21.o
 .debug_macro   0x0000ee63     0x17de Device_Startup/startup_samd21.o
 .debug_macro   0x00010641       0x6d Device_Startup/startup_samd21.o
 .debug_macro   0x000106ae      0x31b Device_Startup/system_samd21.o
 .debug_macro   0x000109c9      0x39b main.o
 .debug_macro   0x00010d64      0x83e main.o
 .debug_macro   0x000115a2      0x250 main.o
 .debug_macro   0x000117f2       0x52 main.o
 .debug_macro   0x00011844       0x35 main.o
 .debug_macro   0x00011879       0x9c main.o
 .debug_macro   0x00011915      0x16d main.o
 .debug_macro   0x00011a82       0x52 main.o
 .debug_macro   0x00011ad4       0x16 main.o
 .debug_macro   0x00011aea       0x43 main.o
 .debug_macro   0x00011b2d      0x187 main.o
 .debug_macro   0x00011cb4      0x330 main.o
 .debug_macro   0x00011fe4      0x1da main.o
 .debug_macro   0x000121be       0x1c main.o
 .debug_macro   0x000121da       0x10 main.o
 .debug_macro   0x000121ea      0x3a5 nvmCtrl.o
 .debug_macro   0x0001258f      0x380 UART.o
 .debug_macro   0x0001290f       0x4c UART.o
 .debug_macro   0x0001295b       0x8d UART.o
 .debug_macro   0x000129e8       0x4a UART.o
 .debug_macro   0x00012a32       0x46 UART.o

.debug_line     0x00000000     0x2588
 .debug_line    0x00000000      0x6da Device_Startup/startup_samd21.o
 .debug_line    0x000006da      0x74b Device_Startup/system_samd21.o
 .debug_line    0x00000e25      0x78f main.o
 .debug_line    0x000015b4      0x809 nvmCtrl.o
 .debug_line    0x00001dbd      0x7cb UART.o

.debug_str      0x00000000    0x701aa
 .debug_str     0x00000000    0x6b6d7 Device_Startup/startup_samd21.o
                              0x6bbcb (size before relaxing)
 .debug_str     0x0006b6d7      0x6b5 Device_Startup/system_samd21.o
                              0x6b410 (size before relaxing)
 .debug_str     0x0006bd8c     0x4092 main.o
                              0x6f36e (size before relaxing)
 .debug_str     0x0006fe1e       0xd9 nvmCtrl.o
                              0x6ed48 (size before relaxing)
 .debug_str     0x0006fef7      0x2b3 UART.o
                              0x6f2c7 (size before relaxing)

.debug_frame    0x00000000      0x370
 .debug_frame   0x00000000       0x3c Device_Startup/startup_samd21.o
 .debug_frame   0x0000003c       0x30 Device_Startup/system_samd21.o
 .debug_frame   0x0000006c       0x84 main.o
 .debug_frame   0x000000f0       0xa0 nvmCtrl.o
 .debug_frame   0x00000190       0xb0 UART.o
 .debug_frame   0x00000240       0x20 c:/program files (x86)/atmel/studio/7.0/toolchain/arm/arm-gnu-toolchain/bin/../lib/gcc/arm-none-eabi/5.3.1/armv6-m\libgcc.a(_udivsi3.o)
 .debug_frame   0x00000260       0x2c c:/program files (x86)/atmel/studio/7.0/toolchain/arm/arm-gnu-toolchain/bin/../lib/gcc/arm-none-eabi/5.3.1/../../../../arm-none-eabi/lib/armv6-m\libc.a(lib_a-init.o)
 .debug_frame   0x0000028c       0x54 c:/program files (x86)/atmel/studio/7.0/toolchain/arm/arm-gnu-toolchain/bin/../lib/gcc/arm-none-eabi/5.3.1/../../../../arm-none-eabi/lib/armv6-m\libc.a(lib_a-__call_atexit.o)
 .debug_frame   0x000002e0       0x28 c:/program files (x86)/atmel/studio/7.0/toolchain/arm/arm-gnu-toolchain/bin/../lib/gcc/arm-none-eabi/5.3.1/../../../../arm-none-eabi/lib/armv6-m\libc.a(lib_a-atexit.o)
 .debug_frame   0x00000308       0x2c c:/program files (x86)/atmel/studio/7.0/toolchain/arm/arm-gnu-toolchain/bin/../lib/gcc/arm-none-eabi/5.3.1/../../../../arm-none-eabi/lib/armv6-m\libc.a(lib_a-fini.o)
 .debug_frame   0x00000334       0x3c c:/program files (x86)/atmel/studio/7.0/toolchain/arm/arm-gnu-toolchain/bin/../lib/gcc/arm-none-eabi/5.3.1/../../../../arm-none-eabi/lib/armv6-m\libc.a(lib_a-__atexit.o)
